def anonymous_1():
    _effect_handler_exit(42)


effect_handler = _effect_handler_push(EarlyExit, dict(exit=_effect_handler_create_operation_handler(anonymous_1)))

try:
    result = None
    result = f()
    _effect_handler_discard()
    anonymous = result
except effect_handler.Exit as exit_value:
    anonymous = exit_value.value

anonymous