
module.wasm:	file format wasm 0x1

Section Details:

Type[1]:
 - type[0] (i32) -> nil
Function[1]:
 - func[0] sig=0 <FIRST>
Code[1]:
 - func[0] size=10 <FIRST>
Custom:
 - name: "name"
 - func[0] <FIRST>
 - func[0] local[0] <arg0>
 - func[0] local[1] <local0>

Code Disassembly:

000027 func[0] <FIRST>:
 000028: 01 7f                      | local[0] type=i32
 00002a: 20 01                      | local.get 1
 00002c: 20 00                      | local.get 0
 00002e: 1a                         | drop
 00002f: 1a                         | drop
 000030: 0b                         | end
