
module.wasm:	file format wasm 0x1

Section Details:

Type[1]:
 - type[0] () -> nil
Function[2]:
 - func[0] sig=0
 - func[1] sig=0
Table[1]:
 - table[0] type=funcref initial=2 max=2
Elem[1]:
 - segment[0] flags=0 table=0 count=2 - init i32=0
  - elem[0] = func[1]
  - elem[1] = func[0]
Code[2]:
 - func[0] size=2
 - func[1] size=2

Code Disassembly:

000028 func[0]:
 000029: 0b                         | end
00002b func[1]:
 00002c: 0b                         | end
