
module.wasm:	file format wasm 0x1

Section Details:

Type[1]:
 - type[0] () -> nil
Function[1]:
 - func[0] sig=0 <FIRST>
Code[1]:
 - func[0] size=8 <FIRST>
Custom:
 - name: "linking"
  - symbol table [count=1]
   - 0: F <FIRST> func=0 [ binding=global vis=default ]
Custom:
 - name: "reloc.CODE"
  - relocations for section: 2 (Code) [1]
   - R_WASM_FUNCTION_INDEX_LEB offset=0x000008(file=0x000028) symbol=0 <FIRST>
Custom:
 - name: "name"
 - func[0] <FIRST>

Code Disassembly:

000026 func[0] <FIRST>:
 000027: 10 80 80 80 80 00          | call 0 <FIRST>
 00002d: 0b                         | end
