
module.wasm:	file format wasm 0x1

Section Details:

Type[1]:
 - type[0] () -> nil
Function[2]:
 - func[0] sig=0 <FIRST>
 - func[1] sig=0 <SECOND>
Export[2]:
 - func[0] <FIRST> -> "FIRST"
 - func[1] <SECOND> -> "SECOND"
Code[2]:
 - func[0] size=2 <FIRST>
 - func[1] size=2 <SECOND>

Code Disassembly:

00003f func[0] <FIRST>:
 000040: 0b                         | end
000046 func[1] <SECOND>:
 000047: 0b                         | end
