
module.wasm:	file format wasm 0x1

Section Details:

Type[1]:
 - type[0] () -> nil
Function[1]:
 - func[0] sig=0 <FIRST>
Tag[1]:
 - tag[0] sig=0
Code[1]:
 - func[0] size=8 <FIRST>
Custom:
 - name: "linking"
  - symbol table [count=2]
   - 0: F <FIRST> func=0 [ binding=global vis=default ]
   - 1: E <TAG> tag=0 [ binding=global vis=default ]
Custom:
 - name: "reloc.CODE"
  - relocations for section: 3 (Code) [1]
   - R_WASM_TAG_INDEX_LEB offset=0x000008(file=0x000031) symbol=1 <TAG>
Custom:
 - name: "name"
 - func[0] <FIRST>

Code Disassembly:

00002f func[0] <FIRST>:
 000030: 08 80 80 80 80 00          | throw 0 <TAG>
 000036: 0b                         | end
