
module.wasm:	file format wasm 0x1

Section Details:

Memory[1]:
 - memory[0] pages: initial=1
Export[1]:
 - memory[0] -> "memory"
Data[1]:
 - segment[0] <DATA_SEGMENT_0> memory=0 size=2 - init i32=42
  - 000002a: 8889                                     ..
Custom:
 - name: "linking"
  - segment info [count=1]
   - 0: DATA_SEGMENT_0 p2align=0 flags=0
  - symbol table [count=1]
   - 0: D <DATA_0> segment=0 offset=0 size=2 binding=global vis=default

Code Disassembly:

