
module.wasm:	file format wasm 0x1

Section Details:

Type[2]:
 - type[0] (i32, i32) -> i32
 - type[1] (i32) -> nil
Function[2]:
 - func[0] sig=1
 - func[1] sig=0
Code[2]:
 - func[0] size=2
 - func[1] size=4
Custom:
 - name: "name"
 - func[0] local[0] <arg0>
 - func[1] local[0] <arg0>
 - func[1] local[1] <arg1>

Code Disassembly:

00002e func[0]:
 00002f: 0b                         | end
000035 func[1]:
 000036: 41 2a                      | i32.const 42
 000038: 0b                         | end
